[31-Aug-2026 04:02:06 UTC] PHP Parse error:  syntax error, unexpected fully qualified name "\r\nContent" in C:\Apache24\htdocs\gojacic\.poc\draft\アンケートアプリ\index.php on line 165
[31-Aug-2026 04:03:40 UTC] PHP Parse error:  syntax error, unexpected fully qualified name "\r\n" in C:\Apache24\htdocs\gojacic\.poc\draft\アンケートアプリ\index.php on line 197
[31-Aug-2026 04:05:23 UTC] PHP Parse error:  syntax error, unexpected fully qualified name "\r\n\r\n" in C:\Apache24\htdocs\gojacic\.poc\draft\アンケートアプリ\index.php on line 252
[31-Aug-2026 04:08:53 UTC] PHP Parse error:  Unclosed '{' on line 246 in C:\Apache24\htdocs\gojacic\.poc\draft\アンケートアプリ\index.php on line 346
[31-Aug-2026 05:10:14 UTC] PHP Parse error:  syntax error, unexpected end of file in C:\Apache24\htdocs\gojacic\.poc\draft\アンケートアプリ\index.php on line 1413
[31-Aug-2026 05:13:12 UTC] PHP Parse error:  Unclosed '{' on line 1512 in C:\Apache24\htdocs\gojacic\.poc\draft\アンケートアプリ\index.php on line 1550
[31-Aug-2026 05:31:58 UTC] PHP Parse error:  Unclosed '{' on line 1511 in C:\Apache24\htdocs\gojacic\.poc\draft\アンケートアプリ\index.php on line 1538
[31-Aug-2026 05:35:02 UTC] PHP Parse error:  syntax error, unexpected end of file, expecting "elseif" or "else" or "endif" in C:\Apache24\htdocs\gojacic\.poc\draft\アンケートアプリ\index.php on line 1702
[31-Aug-2026 05:37:23 UTC] PHP Parse error:  Unclosed '{' on line 5045 in C:\Apache24\htdocs\gojacic\.poc\draft\アンケートアプリ\index.php on line 5167
[31-Aug-2026 06:00:33 UTC] PHP Parse error:  syntax error, unexpected token "<", expecting end of file in C:\Apache24\htdocs\gojacic\.poc\draft\アンケートアプリ\index.php on line 740
[31-Aug-2026 06:01:11 UTC] PHP Parse error:  syntax error, unexpected token "<", expecting end of file in C:\Apache24\htdocs\gojacic\.poc\draft\アンケートアプリ\index.php on line 1749
[31-Aug-2026 06:01:29 UTC] PHP Parse error:  syntax error, unexpected single-quoted string ".($c[" in C:\Apache24\htdocs\gojacic\.poc\draft\アンケートアプリ\index.php on line 2504
[31-Aug-2026 06:03:11 UTC] PHP Parse error:  syntax error, unexpected single-quoted string ".($c[" in C:\Apache24\htdocs\gojacic\.poc\draft\アンケートアプリ\index.php on line 2504
[31-Aug-2026 06:03:15 UTC] PHP Parse error:  syntax error, unexpected single-quoted string ".($c[" in C:\Apache24\htdocs\gojacic\.poc\draft\アンケートアプリ\index.php on line 2504
[31-Aug-2026 06:03:18 UTC] PHP Parse error:  syntax error, unexpected single-quoted string ".($c[" in C:\Apache24\htdocs\gojacic\.poc\draft\アンケートアプリ\index.php on line 2504
[31-Aug-2026 15:22:08 Asia/Tokyo] SurveyPOC error: RuntimeException: kintoneエラー [CB_WA01]: ユーザーのパスワード認証に失敗しました。「X-Cybozu-Authorization」ヘッダーの値が正しくありません。
[31-Aug-2026 15:22:26 Asia/Tokyo] SurveyPOC error: RuntimeException: kintoneエラー [CB_IL02]: 不正なリクエストです。
[31-Aug-2026 15:22:45 Asia/Tokyo] SurveyPOC error: RuntimeException: kintoneエラー [CB_IL02]: 不正なリクエストです。
[31-Aug-2026 15:22:57 Asia/Tokyo] SurveyPOC error: RuntimeException: kintoneエラー [CB_IL02]: 不正なリクエストです。
[31-Aug-2026 15:23:17 Asia/Tokyo] SurveyPOC error: RuntimeException: kintoneエラー [CB_IL02]: 不正なリクエストです。
[31-Aug-2026 15:23:31 Asia/Tokyo] SurveyPOC error: RuntimeException: kintoneエラー [CB_IL02]: 不正なリクエストです。
[31-Aug-2026 15:25:29 Asia/Tokyo] SurveyPOC error: RuntimeException: kintoneエラー [CB_IL02]: 不正なリクエストです。
[31-Aug-2026 15:26:05 Asia/Tokyo] SurveyPOC error: RuntimeException: kintoneエラー [CB_IL02]: 不正なリクエストです。
[31-Aug-2026 17:03:20 Asia/Tokyo] PHP Warning:  Array to string conversion in C:\Apache24\htdocs\gojacic\.poc\draft\アンケートアプリ\index.php on line 1666
[31-Aug-2026 17:03:20 Asia/Tokyo] PHP Warning:  Array to string conversion in C:\Apache24\htdocs\gojacic\.poc\draft\アンケートアプリ\index.php on line 1666
[31-Aug-2026 17:03:20 Asia/Tokyo] PHP Warning:  Array to string conversion in C:\Apache24\htdocs\gojacic\.poc\draft\アンケートアプリ\index.php on line 1666
[31-Aug-2026 08:18:55 UTC] PHP Parse error:  Unclosed '{' on line 4681 does not match ')' in C:\Apache24\htdocs\gojacic\.poc\draft\アンケートアプリ\index.php on line 4764
